I'm sorry, but errors were detected in your script. Please correct the
errors listed below, and try again.


File "game/script.rpy", line 17: expected statement.
    s 
      ^

Ren'Py Version: Ren'Py 8.0.3.22090809
Sun Apr 23 18:50:02 2023
